---
source: crates/rolldown_testing/src/integration_test.rs
---
# Assets

## entries/entry.js

```js
//#endregion
//#region entries/entry.js
console.log("../png/image-RzbKAZGz.png", "../txt/file-DlqcDX5l.txt");
//#endregion

```

## png/image-RzbKAZGz.png

```png
x
```

## txt/file-DlqcDX5l.txt

```txt
y
```
