---
source: crates/rolldown_testing/src/integration_test.rs
---
# Assets

## assets/test-CmpSc5Ku.svg

## entry.js

```js
// HIDDEN [\0rolldown/runtime.js]
//#region test.svg
var test_exports = /* @__PURE__ */ __exportAll({ default: () => test_default });
var test_default;
var init_test = __esmMin((() => {
	test_default = "./assets/test-CmpSc5Ku.svg";
}));
//#endregion
//#region entry.js
console.log((init_test(), __toCommonJS(test_exports)));
//#endregion

```
