---
source: crates/rolldown_testing/src/integration_test.rs
---
# Assets

## assets/foo-Cctl21F7.txt

## main.js

```js
// HIDDEN [\0rolldown/runtime.js]
//#region foo.txt
var foo_exports = /* @__PURE__ */ __exportAll({ default: () => foo_default });
var foo_default;
var init_foo = __esmMin((() => {
	foo_default = "./assets/foo-Cctl21F7.txt";
}));
//#endregion
//#region main.cjs
console.log((init_foo(), __toCommonJS(foo_exports)));
//#endregion

```
