---
source: crates/rolldown_testing/src/integration_test.rs
---
# Assets

## assets/test-C4X7hChn.txt

```txt
test
```

## entry.js

```js
// HIDDEN [\0rolldown/runtime.js]
//#region a/test.txt
var test_exports$1 = /* @__PURE__ */ __exportAll({ default: () => test_default$1 });
var test_default$1;
var init_test$1 = __esmMin((() => {
	test_default$1 = "./assets/test-C4X7hChn.txt";
}));
//#endregion
//#region b/test.txt
var test_exports = /* @__PURE__ */ __exportAll({ default: () => test_default });
var test_default;
var init_test = __esmMin((() => {
	test_default = "./assets/test-C4X7hChn.txt";
}));
//#endregion
//#region entry.js
console.log((init_test$1(), __toCommonJS(test_exports$1)), (init_test(), __toCommonJS(test_exports)));
//#endregion

```
