---
source: crates/rolldown_testing/src/integration_test.rs
---
# Assets

## assets/x-RzbKAZGz.txt

```txt
x
```

## assets/y-DlqcDX5l.txt

```txt
y
```

## entry.js

```js
// HIDDEN [\0rolldown/runtime.js]
//#region y.txt
var y_default = "./assets/y-DlqcDX5l.txt";
//#endregion
//#region x.txt
var x_exports = /* @__PURE__ */ __exportAll({ default: () => x_default });
var x_default;
//#endregion
//#region entry.js
const x_url = (__esmMin((() => {
	x_default = "./assets/x-RzbKAZGz.txt";
}))(), __toCommonJS(x_exports));
console.log(x_url, y_default);
//#endregion

```
